// Jest Snapshot v1, https://goo.gl/fbAQLP

exports[`Index renders the html we want 1`] = `
<div>
  You're signed in as 
  Baa
   and you're 
  Healthy
  . Go to the
   
  <a
    data-testid="toggle"
  >
    about
  </a>
  page.
  <div>
    <input
      onChange={[Function]}
      placeholder="your new name..."
      type="text"
    />
    <input
      onClick={[Function]}
      type="button"
      value="change"
    />
  </div>
</div>
`;
